{
  "status": "PASS",
  "runtime": "index-zero",
  "iframes": 0,
  "directViewFetches": 0,
  "dataStore": "single-owner",
  "legacyRuntimeDependencies": 0,
  "legacySourceFiles": 0,
  "offlineResumeBookmarks": true
}
file:///home/runner/work/mousetrap-script-trainer/mousetrap-script-trainer/app/tests/index_zero_static.mjs:5
const fail=m=>{throw new Error(m)};
                     ^

Error: dictionary presentation contract invalid
    at fail (file:///home/runner/work/mousetrap-script-trainer/mousetrap-script-trainer/app/tests/index_zero_static.mjs:5:22)
    at file:///home/runner/work/mousetrap-script-trainer/mousetrap-script-trainer/app/tests/index_zero_static.mjs:28:1941
    at ModuleJob.run (node:internal/modules/esm/module_job:343:25)
    at async onImport.tracePromise.__proto__ (node:internal/modules/esm/loader:681:26)
    at async asyncRunEntryPointWithESMLoader (node:internal/modules/run_main:117:5)

Node.js v22.23.2
